package test

//gosl: start basic

// DataStruct has the test data
struct DataStruct  {
    Raw   float32;
    Integ float32;
}

// ParamStruct has the test params
struct ParamStruct  {
    Tau float32;
    Dt  float32;

// IntegFmRaw computes integrated value from current raw value
    IntegFmRaw(ds *DataStruct) {
        ds.Integ += ps.Dt * (ds.Raw - ds.Integ);
    }

}


//gosl: end basic

//gosl: main basic
// [[vk::binding(0, 0)]] uniform ParamStruct Params;
// [[vk::binding(0, 1)]] RWStructuredBuffer<DataStruct> In;
// [numthreads(1, 1, 1)]
// void main(uint3 idx : SV_DispatchThreadID)
// {
//     Params.IntegFmRaw(&In[idx.x]);
// }
//gosl: end basic

